Java HotSpot(TM) 64-Bit Server VM (25.121-b13) for windows-amd64 JRE (1.8.0_121-b13), built on Dec 12 2016 18:21:36 by "java_re" with MS VC++ 10.0 (VS2010)
Memory: 4k page, physical 7802560k(2854420k free), swap 11425180k(4263232k free)
CommandLine flags: -XX:InitialHeapSize=124840960 -XX:MaxHeapSize=1997455360 -XX:+PrintGC -XX:+PrintGCDetails -XX:+PrintGCTimeStamps -XX:+UseCompressedClassPointers -XX:+UseCompressedOops -XX:-UseLargePagesIndividualAllocation -XX:+UseParallelGC 
0.391: [GC (Allocation Failure) [PSYoungGen: 30720K->5108K(35840K)] 30720K->23604K(117760K), 0.0541305 secs] [Times: user=0.08 sys=0.00, real=0.05 secs] 
0.472: [GC (Allocation Failure) [PSYoungGen: 32356K->5107K(66560K)] 50852K->48812K(148480K), 0.0412262 secs] [Times: user=0.06 sys=0.03, real=0.04 secs] 
0.613: [GC (Allocation Failure) [PSYoungGen: 66547K->5091K(66560K)] 110252K->84860K(148480K), 0.0685202 secs] [Times: user=0.13 sys=0.02, real=0.07 secs] 
0.681: [Full GC (Ergonomics) [PSYoungGen: 5091K->0K(66560K)] [ParOldGen: 79768K->41061K(126976K)] 84860K->41061K(193536K), [Metaspace: 3521K->3521K(1056768K)], 0.3785680 secs] [Times: user=0.53 sys=0.00, real=0.38 secs] 
Heap
 PSYoungGen      total 66560K, used 24251K [0x00000000d8500000, 0x00000000e0700000, 0x0000000100000000)
  eden space 61440K, 39% used [0x00000000d8500000,0x00000000d9caed00,0x00000000dc100000)
  from space 5120K, 0% used [0x00000000dc100000,0x00000000dc100000,0x00000000dc600000)
  to   space 5120K, 0% used [0x00000000e0200000,0x00000000e0200000,0x00000000e0700000)
 ParOldGen       total 126976K, used 41061K [0x0000000088e00000, 0x0000000090a00000, 0x00000000d8500000)
  object space 126976K, 32% used [0x0000000088e00000,0x000000008b619478,0x0000000090a00000)
 Metaspace       used 3528K, capacity 4502K, committed 4864K, reserved 1056768K
  class space    used 387K, capacity 390K, committed 512K, reserved 1048576K
